Mismatch.hx:6: characters 19-26 : (e : Dynamic) -> String should be js.lib.PromiseHandler<Dynamic, Int>
Mismatch.hx:6: characters 19-26 : ... For optional function argument 'onRejected'
