Main.hx:4: characters 4-13 : Recursive type
Main.hx:4: characters 4-13 : ... Unknown<0> appears in { args: Unknown<0> : { field : Unknown<1>, args : Unknown<0> } }