Main.hx:6: characters 2-10 : Invalid modifier: overload is only supported on extern non-inline constructors
Main.hx:2: characters 2-10 : Invalid modifier: overload is only supported on extern non-inline constructors