Main.hx:4: characters 13-18 : Recursive type
Main.hx:4: characters 13-18 : ... Unknown<0> appears in { msg: Unknown<0> : { msg : Unknown<0> } }