Main.hx:1: characters 27-28 : Recursive constraint parameter is not allowed